vvencFFapp: VVenC, the Fraunhofer H.266/VVC Encoder, version 1.11.1 [Linux][GCC 13.3.0][64 bit][SIMD=AVX2]

#======== General Options ================
  -h,   --help [0]                   show default help
        --fullhelp [0]               show full help
  -v,   --Verbosity [verbose]        verbosity level (0: silent, 1: error, 2: warning, 3: info, 4: notice, 5: verbose,
                                     6: debug)
        --stats [1]                  enable or disable printing of statistics (fps, bitrate, estimation of encoding
                                     time)
        --version [0]                show version 

#======== Input Options ================
  -i,   --InputFile []               Original YUV input file name or '-' for reading from stdin
  -s,   --Size [0x0]                 Input resolution (WidthxHeight)
        --InputBitDepth [8]          Bit-depth of input file
  -f,   --FramesToBeEncoded [0]      Number of frames to be encoded (default=all)
  -fr,  --FrameRate [0]              Temporal rate (framerate numerator) e.g. 25,30, 30000, 50,60, 60000
        --FrameScale [1]             Temporal scale (framerate denominator) e.g. 1, 1001
        --fps [0/1]                  Framerate as int or fraction (num/denom) 
        --TicksPerSecond [27000000]  Ticks Per Second for dts generation, (1..27000000, -1: ticks per frame=1)
        --LeadFrames [0]             Number of leading frames to be read before starting the encoding, use when
                                     splitting the video into overlapping segments
        --TrailFrames [0]            Number of trailing frames to be read after frames to be encoded, use when splitting
                                     the video into overlapping segments
  -fs,  --FrameSkip [0]              number of frames to skip at start of input YUV [off]
        --segment [off]              when encoding multiple separate segments, specify segment position to enable segment concatenation (first, mid, last) [off]
                                      first: first segment           
                                      mid  : all segments between first and last segment
                                      last : last segment

#======== Output options ================
  -b,   --BitstreamFile []           Bitstream output file name
  -o,   --ReconFile []               Reconstructed YUV output file name
        --OutputBitDepth [0]         Bit-depth of output file

#======== Threading, performance ================
  -t,   --Threads [0]                number of threads (multithreading; -1: resolution < 720p: 4, < 5K 2880p: 8, >= 5K
                                     2880p: 12 threads)
        --preset [medium]            select preset for specific encoding setting (faster, fast, medium, slow, slower,
                                     medium_lowDecEnergy)
        --Tiles [1x1]                Set number of tile columns and rows

#======== Slice decision options ================
  -ip,  --IntraPeriod [0]            Intra period in frames (0: use intra period in seconds (refreshsec), else:
                                     n*gopsize)
  -rs,  --RefreshSec [1]             Intra period/refresh in seconds
  -dr,  --DecodingRefreshType [cra]  intra refresh type (idr, cra, cra_cre: CRA, constrained RASL picture encoding,
                                     none, rpsei: Recovery Point SEI)
  -g,   --GOPSize [32]               GOP size of temporal structure (16,32)
        --PicReordering [1]          Allow reordering of pictures (0:off, 1:on), should be disabled for low delay
                                     requirements
        --POC0IDR [0]                start encoding with POC 0 IDR

#======== Rate control, Perceptual Quantization ================
        --NumPasses [-1]             number of rate control passes (1,2)
        --Passes [-1]                number of rate control passes (1,2)
        --Pass [-1]                  rate control pass for two-pass rate control (-1,1,2)
        --LookAhead [-1]             Enable pre-analysis pass with picture look-ahead (-1,0,1)
        --RCStatsFile []             rate control statistics file
        --TargetBitrate [0]          Rate control: target bitrate [bits/second], use e.g. 1.5M, 1.5Mbps, 1500k,
                                     1500kbps, 1500000bps, 1500000
        --MaxBitrate [0]             Rate control: approximate maximum instantaneous bitrate [bits/second] (0: no rate
                                     cap; least constraint)
  -qpa, --PerceptQPA [0]             Enable perceptually motivated QP adaptation, XPSNR based (0:off, 1:on)
        --STA [-1]                   Enable slice type adaptation at GOPSize>8 (-1: auto, 0: off, 1: adapt slice type,
                                     2: adapt NAL unit type)
        --MinIntraDistance [-1]      With STA: set a minimum coded frame distance to the previous intra frame (-1:
                                     GOPSize)

#======== Quantization parameters ================
  -q,   --QP [32]                    Qp value (0-63)

#======== Profile, Level, Tier ================
        --Profile [auto]             profile (main_10, main_10_still_picture)
        --Level [auto]               level limit (1.0, 2.0,2.1, 3.0,3.1, 4.0,4.1, 5.0,5.1,5.2, 6.0,6.1,6.2,6.3, 15.5)
        --Tier [main]                tier for interpretation of level (main, high)

#======== VUI and SEI options ================
        --Sdr [off]                  set SDR mode + BT.709, BT.2020, BT.470 color space. use: off, sdr|sdr_709,
                                     sdr_2020, sdr_470bg
        --Hdr [off]                  set HDR mode + BT.709 or BT.2020 color space (+SEI messages for hlg) If maxcll or
                                     masteringdisplay is set, HDR10/PQ is enabled. use: off, pq|hdr10,
                                     pq_2020|hdr10_2020, hlg, hlg_2020
